// Jest Snapshot v1, https://goo.gl/fbAQLP

exports[`File: App.js Function App it should take a snapshot 1`] = `
<DocumentFragment>
  <div
    class="app"
  >
    <div
      class="home"
    >
      This is home Section - Public Page
      <br />
      <ul>
        <li>
           
          <a
            data-testid="link-home-register-id"
            href="/auth/register"
          >
            Register
          </a>
        </li>
        <li>
           
          <a
            data-testid="link-home-login-id"
            href="/auth/login"
          >
             Login
          </a>
        </li>
      </ul>
    </div>
  </div>
</DocumentFragment>
`;
