// Jest Snapshot v1, https://goo.gl/fbAQLP

exports[`File: TransparentBackgroundLayer.js Component: TransparentBackgroundLayer It can take a snapshot 1`] = `
<DocumentFragment>
   
  <div
    class="transparent-layer-section transparency background-layer"
  />
   
</DocumentFragment>
`;
